package a

import "externaltypes"

type TestStructs struct {
	// StructWithAllOptionalFields has a zero value of {}, which is valid because all fields are optional.

	StructWithAllOptionalFields *StructWithAllOptionalFields `json:"structWithAllOptionalFields,omitempty"` // want "field TestStructs.StructWithAllOptionalFields should have the omitempty tag." "field TestStructs.StructWithAllOptionalFields has a valid zero value \\({}\\), but the validation is not complete \\(e.g. min properties/adding required fields\\). The field should be a pointer to allow the zero value to be set. If the zero value is not a valid use case, complete the validation and remove the pointer."

	StructWithAllOptionalFieldsWithOmitEmpty *StructWithAllOptionalFields `json:"structWithAllOptionalFieldsWithOmitEmpty,omitempty"` // want "field TestStructs.StructWithAllOptionalFieldsWithOmitEmpty has a valid zero value \\({}\\), but the validation is not complete \\(e.g. min properties/adding required fields\\). The field should be a pointer to allow the zero value to be set. If the zero value is not a valid use case, complete the validation and remove the pointer."

	StructPtrWithAllOptionalFields *StructWithAllOptionalFields `json:"structPtrWithAllOptionalFields,omitempty"` // want "field TestStructs.StructPtrWithAllOptionalFields should have the omitempty tag."

	StructPtrWithAllOptionalFieldsWithOmitEmpty *StructWithAllOptionalFields `json:"structPtrWithAllOptionalFieldsWithOmitEmpty,omitempty"`

	// StructWithMinProperties has a zero value of {}, which is not valid because the MinProperties marker is not satisfied.

	StructWithMinProperties StructWithMinProperties `json:"structWithMinProperties,omitzero"` // want "field TestStructs.StructWithMinProperties does not allow the zero value. It must have the omitzero tag."

	StructWithMinPropertiesWithOmitEmpty StructWithMinProperties `json:"structWithMinPropertiesWithOmitEmpty,omitzero,omitempty"` // want "field TestStructs.StructWithMinPropertiesWithOmitEmpty does not allow the zero value. It must have the omitzero tag."

	StructPtrWithMinProperties StructWithMinProperties `json:"structPtrWithMinProperties,omitzero"` // want "field TestStructs.StructPtrWithMinProperties does not allow the zero value. It must have the omitzero tag." "field TestStructs.StructPtrWithMinProperties does not allow the zero value. The field does not need to be a pointer."

	StructPtrWithMinPropertiesWithOmitEmpty StructWithMinProperties `json:"structPtrWithMinPropertiesWithOmitEmpty,omitzero,omitempty"` // want "field TestStructs.StructPtrWithMinPropertiesWithOmitEmpty does not allow the zero value. It must have the omitzero tag." "field TestStructs.StructPtrWithMinPropertiesWithOmitEmpty does not allow the zero value. The field does not need to be a pointer."

	// StructWithNonOmittedFields has a zero value of {"string":"", "int":0}, which is valid because all fields are required.

	StructWithNonOmittedFields *StructWithNonOmittedFields `json:"structWithNonOmittedFields,omitempty"` // want "field TestStructs.StructWithNonOmittedFields should have the omitempty tag." "field TestStructs.StructWithNonOmittedFields has a valid zero value \\({\"string\": \"\", \"int\": 0}\\) and should be a pointer."

	StructWithNonOmittedFieldsWithOmitEmpty *StructWithNonOmittedFields `json:"structWithNonOmittedFieldsWithOmitEmpty,omitempty"` // want "field TestStructs.StructWithNonOmittedFieldsWithOmitEmpty has a valid zero value \\({\"string\": \"\", \"int\": 0}\\) and should be a pointer."

	StructPtrWithNonOmittedFields *StructWithNonOmittedFields `json:"structPtrWithNonOmittedFields,omitempty"` // want "field TestStructs.StructPtrWithNonOmittedFields should have the omitempty tag."

	StructPtrWithNonOmittedFieldsWithOmitEmpty *StructWithNonOmittedFields `json:"structPtrWithNonOmittedFieldsWithOmitEmpty,omitempty"`

	// StructWithNonOmittedFieldsAndMinProperties has a zero value of {"string":"", "int":0}, which is valid because the MinProperties marker is satisfied.

	StructWithNonOmittedFieldsAndMinProperties *StructWithNonOmittedFieldsAndMinProperties `json:"structWithOneNonOmittedFieldAndMinProperties,omitempty"` // want "field TestStructs.StructWithNonOmittedFieldsAndMinProperties should have the omitempty tag." "field TestStructs.StructWithNonOmittedFieldsAndMinProperties has a valid zero value \\({\"string\": \"\", \"int\": 0}\\) and should be a pointer."

	StructWithNonOmittedFieldsAndMinPropertiesWithOmitEmpty *StructWithNonOmittedFieldsAndMinProperties `json:"structWithOneNonOmittedFieldAndMinPropertiesAndOmitEmpty,omitempty"` // want "field TestStructs.StructWithNonOmittedFieldsAndMinPropertiesWithOmitEmpty has a valid zero value \\({\"string\": \"\", \"int\": 0}\\) and should be a pointer."

	StructPtrWithNonOmittedFieldsAndMinProperties *StructWithNonOmittedFieldsAndMinProperties `json:"structPtrWithNonOmittedFieldsAndMinProperties,omitempty"` // want "field TestStructs.StructPtrWithNonOmittedFieldsAndMinProperties should have the omitempty tag."

	StructPtrWithNonOmittedFieldsAndMinPropertiesWithOmitEmpty *StructWithNonOmittedFieldsAndMinProperties `json:"structPtrWithNonOmittedFieldsAndMinPropertiesWithOmitEmpty,omitempty"`

	// StructWithOneNonOmittedFieldAndMinProperties has a zero value of {"string":""}, which is not valid because the MinProperties marker is not satisfied.

	StructWithOneNonOmittedFieldAndMinProperties StructWithOneNonOmittedFieldAndMinProperties `json:"structWithOneNonOmittedFieldAndMinPropertiesAndOmitEmpty,omitzero"` // want "field TestStructs.StructWithOneNonOmittedFieldAndMinProperties does not allow the zero value. It must have the omitzero tag."

	StructWithOneNonOmittedFieldAndMinPropertiesWithOmitEmpty StructWithOneNonOmittedFieldAndMinProperties `json:"structWithOneNonOmittedFieldAndMinPropertiesAndOmitEmpty,omitzero,omitempty"` // want "field TestStructs.StructWithOneNonOmittedFieldAndMinPropertiesWithOmitEmpty does not allow the zero value. It must have the omitzero tag."

	StructPtrWithOneNonOmittedFieldAndMinProperties StructWithOneNonOmittedFieldAndMinProperties `json:"structPtrWithOneNonOmittedFieldAndMinProperties,omitzero"` // want "field TestStructs.StructPtrWithOneNonOmittedFieldAndMinProperties does not allow the zero value. It must have the omitzero tag." "field TestStructs.StructPtrWithOneNonOmittedFieldAndMinProperties does not allow the zero value. The field does not need to be a pointer."

	StructPtrWithOneNonOmittedFieldAndMinPropertiesWithOmitEmpty StructWithOneNonOmittedFieldAndMinProperties `json:"structPtrWithOneNonOmittedFieldAndMinPropertiesWithOmitEmpty,omitzero,omitempty"` // want "field TestStructs.StructPtrWithOneNonOmittedFieldAndMinPropertiesWithOmitEmpty does not allow the zero value. It must have the omitzero tag." "field TestStructs.StructPtrWithOneNonOmittedFieldAndMinPropertiesWithOmitEmpty does not allow the zero value. The field does not need to be a pointer."

	// StructWithOmittedRequiredField has a zero value of {}, which is not valid because the required marker is not satisfied.

	StructWithOmittedRequiredField StructWithOmittedRequiredField `json:"structWithOmittedRequiredField,omitzero"` // want "field TestStructs.StructWithOmittedRequiredField does not allow the zero value. It must have the omitzero tag."

	StructWithOmittedRequiredFieldWithOmitEmpty StructWithOmittedRequiredField `json:"structWithOmittedRequiredFieldWithOmitEmpty,omitzero,omitempty"` // want "field TestStructs.StructWithOmittedRequiredFieldWithOmitEmpty does not allow the zero value. It must have the omitzero tag."

	StructPtrWithOmittedRequiredField StructWithOmittedRequiredField `json:"structPtrWithOmittedRequiredField,omitzero"` // want "field TestStructs.StructPtrWithOmittedRequiredField does not allow the zero value. It must have the omitzero tag." "field TestStructs.StructPtrWithOmittedRequiredField does not allow the zero value. The field does not need to be a pointer."

	StructPtrWithOmittedRequiredFieldWithOmitEmpty StructWithOmittedRequiredField `json:"structPtrWithOmittedRequiredFieldWithOmitEmpty,omitzero,omitempty"` // want "field TestStructs.StructPtrWithOmittedRequiredFieldWithOmitEmpty does not allow the zero value. It must have the omitzero tag." "field TestStructs.StructPtrWithOmittedRequiredFieldWithOmitEmpty does not allow the zero value. The field does not need to be a pointer."

	// ExternalStructWithOmitZero is an external struct with omitzero.
	ExternalStructWithOmitZero externaltypes.StructType `json:"externalStructWithOmitZero,omitzero"`

	// ExternalStructWithIsZeroWithOmitZero is an external struct with IsZero and omitzero.
	ExternalStructWithIsZeroWithOmitZero externaltypes.StructTypeWithIsZero `json:"externalStructWithIsZeroWithOmitZero,omitzero"`

	// ExternalStructWithIsZeroMissingOmitZero is an external struct with IsZero but no omitzero.
	ExternalStructWithIsZeroMissingOmitZero externaltypes.StructTypeWithIsZero `json:"externalStructWithIsZeroMissingOmitZero,omitzero"` // want "field TestStructs.ExternalStructWithIsZeroMissingOmitZero does not allow the zero value. It must have the omitzero tag."
}

type StructWithAllOptionalFields struct {
	// +optional
	String *string `json:"string,omitempty"` // want "field StructWithAllOptionalFields.String has a valid zero value \\(\"\"\\), but the validation is not complete \\(e.g. minimum length\\). The field should be a pointer to allow the zero value to be set. If the zero value is not a valid use case, complete the validation and remove the pointer."

	// +optional
	StringPtr *string `json:"stringPtr,omitempty"`

	// +optional
	Int *int `json:"int,omitempty"` // want "field StructWithAllOptionalFields.Int has a valid zero value \\(0\\), but the validation is not complete \\(e.g. minimum/maximum\\). The field should be a pointer to allow the zero value to be set. If the zero value is not a valid use case, complete the validation and remove the pointer."

	// +optional
	IntPtr *int `json:"intPtr,omitempty"`
}

// +kubebuilder:validation:MinProperties=1
type StructWithMinProperties struct {
	// +kubebuilder:validation:MinProperties=1
	// +optional
	Map map[string]string `json:"map,omitempty"`
}

type StructWithNonOmittedFields struct {
	// +required
	String *string `json:"string,omitempty"` // want "field StructWithNonOmittedFields.String has a valid zero value \\(\"\"\\), but the validation is not complete \\(e.g. minimum length\\). The field should be a pointer to allow the zero value to be set. If the zero value is not a valid use case, complete the validation and remove the pointer." "field StructWithNonOmittedFields.String should have the omitempty tag."

	// +required
	Int *int32 `json:"int,omitempty"` // want "field StructWithNonOmittedFields.Int has a valid zero value \\(0\\), but the validation is not complete \\(e.g. minimum/maximum\\). The field should be a pointer to allow the zero value to be set. If the zero value is not a valid use case, complete the validation and remove the pointer." "field StructWithNonOmittedFields.Int should have the omitempty tag."
}

// Struct with non-omitted fields and minProperties marker.
// Because there is no omitempty, and the zero values are valid, the zero value here is `{"string:"", "int":0}`.
// This means the MinProperties marker is satisfied even when the object is the zero value.
// +kubebuilder:validation:MinProperties=2
type StructWithNonOmittedFieldsAndMinProperties struct {
	// +required
	String *string `json:"string,omitempty"` // want "field StructWithNonOmittedFieldsAndMinProperties.String has a valid zero value \\(\"\"\\), but the validation is not complete \\(e.g. minimum length\\). The field should be a pointer to allow the zero value to be set. If the zero value is not a valid use case, complete the validation and remove the pointer." "field StructWithNonOmittedFieldsAndMinProperties.String should have the omitempty tag."

	// +required
	Int *int32 `json:"int,omitempty"` // want "field StructWithNonOmittedFieldsAndMinProperties.Int has a valid zero value \\(0\\), but the validation is not complete \\(e.g. minimum/maximum\\). The field should be a pointer to allow the zero value to be set. If the zero value is not a valid use case, complete the validation and remove the pointer." "field StructWithNonOmittedFieldsAndMinProperties.Int should have the omitempty tag."
}

// Struct with one non-omitted field, and one omitted field and minProperties marker.
// The zero value of the struct is `{"string:""}` which is not valid because it does not satisfy the MinProperties marker.
// +kubebuilder:validation:MinProperties=2
type StructWithOneNonOmittedFieldAndMinProperties struct {
	// +required
	String *string `json:"string,omitempty"` // want "field StructWithOneNonOmittedFieldAndMinProperties.String has a valid zero value \\(\"\"\\), but the validation is not complete \\(e.g. minimum length\\). The field should be a pointer to allow the zero value to be set. If the zero value is not a valid use case, complete the validation and remove the pointer." "field StructWithOneNonOmittedFieldAndMinProperties.String should have the omitempty tag."

	// +optional
	Int *int32 `json:"int,omitempty"` // want "field StructWithOneNonOmittedFieldAndMinProperties.Int has a valid zero value \\(0\\), but the validation is not complete \\(e.g. minimum/maximum\\). The field should be a pointer to allow the zero value to be set. If the zero value is not a valid use case, complete the validation and remove the pointer."
}

// Struct with an omitted required field.
// The zero value of the struct is `{}` which is not valid because it does not satisfy the required marker on the string field.
type StructWithOmittedRequiredField struct {
	// +required
	String *string `json:"string,omitempty"` // want "field StructWithOmittedRequiredField.String has a valid zero value \\(\"\"\\), but the validation is not complete \\(e.g. minimum length\\). The field should be a pointer to allow the zero value to be set. If the zero value is not a valid use case, complete the validation and remove the pointer."
}
